==============================
Timestamp: Thu Mar  5 10:07:42 PM UTC 2026

Uptime:
 22:07:42 up  2:43,  2 users,  load average: 4.04, 3.03, 3.54

Memory Usage:
               total        used        free      shared  buff/cache   available
Mem:           5.9Gi       5.3Gi       147Mi       1.1Gi       1.5Gi       566Mi
Swap:             0B          0B          0B

Disk Usage:
Filesystem      Size  Used Avail Use% Mounted on
tmpfs           387M  2.6M  385M   1% /run
/dev/sr1        6.0G  6.0G     0 100% /cdrom
/cow            1.9G  1.1G  902M  54% /
tmpfs           1.9G   12K  1.9G   1% /dev/shm
tmpfs           5.0M  8.0K  5.0M   1% /run/lock
tmpfs           1.9G   13M  1.9G   1% /tmp
tmpfs           387M  128K  387M   1% /run/user/1000
tmpfs           387M  156K  387M   1% /run/user/1004
/dev/sr0         96M   96M     0 100% /media/sysadmin/CDROM
==============================

==============================
Timestamp: Thu Mar  5 10:10:01 PM UTC 2026

Uptime:
 22:10:01 up  2:45,  2 users,  load average: 3.55, 2.99, 3.44

Memory Usage:
               total        used        free      shared  buff/cache   available
Mem:           5.9Gi       5.5Gi       178Mi       1.1Gi       1.4Gi       458Mi
Swap:             0B          0B          0B

Disk Usage:
Filesystem      Size  Used Avail Use% Mounted on
tmpfs           387M  2.6M  385M   1% /run
/dev/sr1        6.0G  6.0G     0 100% /cdrom
/cow            1.9G  1.1G  889M  55% /
tmpfs           1.9G   12K  1.9G   1% /dev/shm
tmpfs           5.0M  8.0K  5.0M   1% /run/lock
tmpfs           1.9G   13M  1.9G   1% /tmp
tmpfs           387M  128K  387M   1% /run/user/1000
tmpfs           387M  156K  387M   1% /run/user/1004
/dev/sr0         96M   96M     0 100% /media/sysadmin/CDROM
==============================

